------------------------------------------------------------
Timing Analyzer Summary
------------------------------------------------------------

Type  : Slow 1200mV 85C Model Setup 'clock19'
Slack : -0.504
TNS   : -0.504

Type  : Slow 1200mV 85C Model Setup 'inst15'
Slack : 0.210
TNS   : 0.000

Type  : Slow 1200mV 85C Model Hold 'inst15'
Slack : 0.445
TNS   : 0.000

Type  : Slow 1200mV 85C Model Hold 'clock19'
Slack : 0.524
TNS   : 0.000

Type  : Slow 1200mV 85C Model Minimum Pulse Width 'clock19'
Slack : -3.000
TNS   : -4.285

Type  : Slow 1200mV 85C Model Minimum Pulse Width 'inst15'
Slack : -1.285
TNS   : -1.285

Type  : Slow 1200mV 0C Model Setup 'clock19'
Slack : -0.384
TNS   : -0.384

Type  : Slow 1200mV 0C Model Setup 'inst15'
Slack : 0.297
TNS   : 0.000

Type  : Slow 1200mV 0C Model Hold 'inst15'
Slack : 0.398
TNS   : 0.000

Type  : Slow 1200mV 0C Model Hold 'clock19'
Slack : 0.420
TNS   : 0.000

Type  : Slow 1200mV 0C Model Minimum Pulse Width 'clock19'
Slack : -3.000
TNS   : -4.285

Type  : Slow 1200mV 0C Model Minimum Pulse Width 'inst15'
Slack : -1.285
TNS   : -1.285

Type  : Fast 1200mV 0C Model Setup 'clock19'
Slack : -0.010
TNS   : -0.010

Type  : Fast 1200mV 0C Model Setup 'inst15'
Slack : 0.624
TNS   : 0.000

Type  : Fast 1200mV 0C Model Hold 'inst15'
Slack : 0.206
TNS   : 0.000

Type  : Fast 1200mV 0C Model Hold 'clock19'
Slack : 0.273
TNS   : 0.000

Type  : Fast 1200mV 0C Model Minimum Pulse Width 'clock19'
Slack : -3.000
TNS   : -4.090

Type  : Fast 1200mV 0C Model Minimum Pulse Width 'inst15'
Slack : -1.000
TNS   : -1.000

------------------------------------------------------------
